// Jest Snapshot v1, https://goo.gl/fbAQLP

exports[`match snapshot Mean 1`] = `
<div
  className="card-stats card"
>
  <div
    className="card-body"
  >
    <p
      className="card-category"
    >
      ค่า mean จาก Line Chart
      <span
        className="right"
      >
        5.00 บาท
      </span>
    </p>
  </div>
</div>
`;
